******************************************************************************
                  MSP430 Linker PC v21.6.1                     
******************************************************************************
>> Linked Thu Jul 10 16:28:54 2025

OUTPUT FILE NAME:   <Timers_Music_Player.out>
ENTRY POINT SYMBOL: "_c_int00_noargs"  address: 0000d4b8


MEMORY CONFIGURATION

         name            origin    length      used     unused   attr    fill
----------------------  --------  ---------  --------  --------  ----  --------
  SFR                   00000000   00000010  00000000  00000010  RWIX
  PERIPHERALS_8BIT      00000010   000000f0  00000000  000000f0  RWIX
  PERIPHERALS_16BIT     00000100   00000100  00000000  00000100  RWIX
  RAM                   00000200   00000200  00000130  000000d0  RWIX
  INFOD                 00001000   00000040  00000000  00000040  RWIX
  INFOC                 00001040   00000040  00000000  00000040  RWIX
  INFOB                 00001080   00000040  00000000  00000040  RWIX
  INFOA                 000010c0   00000040  00000000  00000040  RWIX
  FLASH                 0000c000   00003fde  000015f6  000029e8  RWIX
  BSLSIGNATURE          0000ffde   00000002  00000002  00000000  RWIX  ffff 
  INT00                 0000ffe0   00000002  00000002  00000000  RWIX
  INT01                 0000ffe2   00000002  00000000  00000002  RWIX
  INT02                 0000ffe4   00000002  00000002  00000000  RWIX
  INT03                 0000ffe6   00000002  00000002  00000000  RWIX
  INT04                 0000ffe8   00000002  00000000  00000002  RWIX
  INT05                 0000ffea   00000002  00000002  00000000  RWIX
  INT06                 0000ffec   00000002  00000002  00000000  RWIX
  INT07                 0000ffee   00000002  00000002  00000000  RWIX
  INT08                 0000fff0   00000002  00000002  00000000  RWIX
  INT09                 0000fff2   00000002  00000002  00000000  RWIX
  INT10                 0000fff4   00000002  00000002  00000000  RWIX
  INT11                 0000fff6   00000002  00000002  00000000  RWIX
  INT12                 0000fff8   00000002  00000002  00000000  RWIX
  INT13                 0000fffa   00000002  00000002  00000000  RWIX
  INT14                 0000fffc   00000002  00000002  00000000  RWIX
  RESET                 0000fffe   00000002  00000002  00000000  RWIX


SECTION ALLOCATION MAP

 output                                  attributes/
section   page    origin      length       input sections
--------  ----  ----------  ----------   ----------------
.data      0    00000200    000000e0     UNINITIALIZED
                  00000200    00000070     main.obj (.data:underworld_melody)
                  00000270    00000070     main.obj (.data:underworld_tempo)

.stack     0    000003b0    00000050     UNINITIALIZED
                  000003b0    00000002     rts430_eabi.lib : boot.c.obj (.stack)
                  000003b2    0000004e     --HOLE--

.text      0    0000c000    00001578     
                  0000c000    00000736     rts430_eabi.lib : addd.c.obj (.text:__mspabi_addd)
                  0000c736    00000478                     : frcdivd.c.obj (.text:__TI_frcdivd)
                  0000cbae    00000232                     : divd.c.obj (.text:__mspabi_divd)
                  0000cde0    000000c4                     : fs_mpy.asm.obj (.text)
                  0000cea4    000000b4                     : cvtdf.c.obj (.text:__mspabi_cvtdf)
                  0000cf58    0000007c                     : copy_decompress_lzss.c.obj (.text:decompress:lzss:__TI_decompress_lzss)
                  0000cfd4    00000070                     : cvtfd.c.obj (.text:__mspabi_cvtfd)
                  0000d044    00000070     main.obj (.text:setFrequency)
                  0000d0b4    0000005c     rts430_eabi.lib : lsr32.asm.obj (.text:l_lsr_const)
                  0000d110    00000054     main.obj (.text:playSong)
                  0000d164    0000004c     main.obj (.text:delay_ms)
                  0000d1b0    0000004c     rts430_eabi.lib : lsr16.asm.obj (.text)
                  0000d1fc    0000004a                     : asr64.c.obj (.text:__mspabi_srall)
                  0000d246    00000046                     : fs_tou.asm.obj (.text)
                  0000d28c    00000044                     : lsl64.c.obj (.text:__mspabi_sllll)
                  0000d2d0    00000042                     : autoinit.c.obj (.text:__TI_auto_init_nobinit_nopinit:__TI_auto_init_nobinit_nopinit)
                  0000d312    0000003e                     : asr32.asm.obj (.text:l_asr_const)
                  0000d350    0000003e                     : lsl32.asm.obj (.text:l_lsl_const)
                  0000d38e    00000036                     : fs_itof.asm.obj (.text)
                  0000d3c4    0000002c                     : asr16.asm.obj (.text)
                  0000d3f0    0000002c                     : div16s.asm.obj (.text)
                  0000d41c    0000002c                     : lsl16.asm.obj (.text)
                  0000d448    0000002a     main.obj (.text:main)
                  0000d472    00000026     rts430_eabi.lib : mult32.asm.obj (.text)
                  0000d498    00000020     main.obj (.text:isButtonPressed)
                  0000d4b8    0000001c     rts430_eabi.lib : boot.c.obj (.text:_c_int00_noargs)
                  0000d4d4    00000018     main.obj (.text:initGpio)
                  0000d4ec    00000016     rts430_eabi.lib : div16u.asm.obj (.text)
                  0000d502    00000014     main.obj (.text:initTimerA0)
                  0000d516    00000014     rts430_eabi.lib : mult16.asm.obj (.text)
                  0000d52a    00000012                     : copy_decompress_none.c.obj (.text:decompress:none:__TI_decompress_none)
                  0000d53c    00000012                     : memcpy.c.obj (.text:memcpy)
                  0000d54e    00000010                     : epilog.asm.obj (.text)
                  0000d55e    00000008                     : isr_trap.asm.obj (.text:_isr:__TI_ISR_TRAP)
                  0000d566    00000006     main.obj (.text:Timer_A0)
                  0000d56c    00000006     rts430_eabi.lib : exit.c.obj (.text:abort)
                  0000d572    00000004                     : pre_init.c.obj (.text:_system_pre_init)
                  0000d576    00000002                     : startup.c.obj (.text:_system_post_cinit)

.const     0    0000d578    00000004     
                  0000d578    00000004     main.obj (.const)

.cinit     0    0000d57c    0000007a     
                  0000d57c    00000072     (.cinit..data.load) [load image, compression = lzss]
                  0000d5ee    00000004     (__TI_handler_table)
                  0000d5f2    00000004     (__TI_cinit_table)

.binit     0    0000c000    00000000     

.init_array 
*          0    0000c000    00000000     UNINITIALIZED

TRAPINT    0    0000ffe0    00000002     
                  0000ffe0    00000002     rts430_eabi.lib : int00.asm.obj (.int00)

PORT1      0    0000ffe4    00000002     
                  0000ffe4    00000002     rts430_eabi.lib : int02.asm.obj (.int02)

PORT2      0    0000ffe6    00000002     
                  0000ffe6    00000002     rts430_eabi.lib : int03.asm.obj (.int03)

ADC10      0    0000ffea    00000002     
                  0000ffea    00000002     rts430_eabi.lib : int05.asm.obj (.int05)

USCIAB0TX 
*          0    0000ffec    00000002     
                  0000ffec    00000002     rts430_eabi.lib : int06.asm.obj (.int06)

USCIAB0RX 
*          0    0000ffee    00000002     
                  0000ffee    00000002     rts430_eabi.lib : int07.asm.obj (.int07)

TIMER0_A1 
*          0    0000fff0    00000002     
                  0000fff0    00000002     rts430_eabi.lib : int08.asm.obj (.int08)

TIMER0_A0 
*          0    0000fff2    00000002     
                  0000fff2    00000002     main.obj (.int09)

WDT        0    0000fff4    00000002     
                  0000fff4    00000002     rts430_eabi.lib : int10.asm.obj (.int10)

COMPARATORA 
*          0    0000fff6    00000002     
                  0000fff6    00000002     rts430_eabi.lib : int11.asm.obj (.int11)

TIMER1_A1 
*          0    0000fff8    00000002     
                  0000fff8    00000002     rts430_eabi.lib : int12.asm.obj (.int12)

TIMER1_A0 
*          0    0000fffa    00000002     
                  0000fffa    00000002     rts430_eabi.lib : int13.asm.obj (.int13)

NMI        0    0000fffc    00000002     
                  0000fffc    00000002     rts430_eabi.lib : int14.asm.obj (.int14)

.reset     0    0000fffe    00000002     
                  0000fffe    00000002     rts430_eabi.lib : boot.c.obj (.reset)

$fill000   0    0000ffde    00000002     
                  0000ffde    00000002     --HOLE-- [fill = ffff]

MODULE SUMMARY

       Module                       code   ro data   rw data
       ------                       ----   -------   -------
    .\
       main.obj                     396    6         224    
    +--+----------------------------+------+---------+---------+
       Total:                       396    6         224    
                                                            
    C:\ti\ccstheia151\ccs\tools\compiler\ti-cgt-msp430_21.6.1.LTS\lib\rts430_eabi.lib
       addd.c.obj                   1846   0         0      
       frcdivd.c.obj                1144   0         0      
       divd.c.obj                   562    0         0      
       fs_mpy.asm.obj               196    0         0      
       cvtdf.c.obj                  180    0         0      
       copy_decompress_lzss.c.obj   124    0         0      
       cvtfd.c.obj                  112    0         0      
       lsr32.asm.obj                92     0         0      
       lsr16.asm.obj                76     0         0      
       asr64.c.obj                  74     0         0      
       fs_tou.asm.obj               70     0         0      
       lsl64.c.obj                  68     0         0      
       autoinit.c.obj               66     0         0      
       asr32.asm.obj                62     0         0      
       lsl32.asm.obj                62     0         0      
       fs_itof.asm.obj              54     0         0      
       asr16.asm.obj                44     0         0      
       div16s.asm.obj               44     0         0      
       lsl16.asm.obj                44     0         0      
       mult32.asm.obj               38     0         0      
       boot.c.obj                   28     2         0      
       div16u.asm.obj               22     0         0      
       mult16.asm.obj               20     0         0      
       copy_decompress_none.c.obj   18     0         0      
       memcpy.c.obj                 18     0         0      
       epilog.asm.obj               16     0         0      
       isr_trap.asm.obj             8      0         0      
       exit.c.obj                   6      0         0      
       pre_init.c.obj               4      0         0      
       int00.asm.obj                0      2         0      
       int02.asm.obj                0      2         0      
       int03.asm.obj                0      2         0      
       int05.asm.obj                0      2         0      
       int06.asm.obj                0      2         0      
       int07.asm.obj                0      2         0      
       int08.asm.obj                0      2         0      
       int10.asm.obj                0      2         0      
       int11.asm.obj                0      2         0      
       int12.asm.obj                0      2         0      
       int13.asm.obj                0      2         0      
       int14.asm.obj                0      2         0      
       startup.c.obj                2      0         0      
    +--+----------------------------+------+---------+---------+
       Total:                       5100   26        0      
                                                            
       Stack:                       0      0         80     
       Linker Generated:            0      122       0      
    +--+----------------------------+------+---------+---------+
       Grand Total:                 5496   154       304    


LINKER GENERATED COPY TABLES

__TI_cinit_table @ 0000d5f2 records: 1, size/record: 4, table size: 4
	.data: load addr=0000d57c, load size=00000072 bytes, run addr=00000200, run size=000000e0 bytes, compression=lzss


LINKER GENERATED HANDLER TABLE

__TI_handler_table @ 0000d5ee records: 2, size/record: 2, table size: 4
	index: 0, handler: __TI_decompress_lzss
	index: 1, handler: __TI_decompress_none


GLOBAL SYMBOLS: SORTED ALPHABETICALLY BY Name 

address   name                          
-------   ----                          
0000004a  ADC10AE0                      
000001b0  ADC10CTL0                     
000001b2  ADC10CTL1                     
00000048  ADC10DTC0                     
00000049  ADC10DTC1                     
000001b4  ADC10MEM                      
000001bc  ADC10SA                       
00000057  BCSCTL1                       
00000058  BCSCTL2                       
00000053  BCSCTL3                       
0000d56c  C$$EXIT                       
00000059  CACTL1                        
0000005a  CACTL2                        
000010fb  CALBC1_12MHZ                  
000010f9  CALBC1_16MHZ                  
000010ff  CALBC1_1MHZ                   
000010fd  CALBC1_8MHZ                   
000010fa  CALDCO_12MHZ                  
000010f8  CALDCO_16MHZ                  
000010fe  CALDCO_1MHZ                   
000010fc  CALDCO_8MHZ                   
0000005b  CAPD                          
00000056  DCOCTL                        
00000128  FCTL1                         
0000012a  FCTL2                         
0000012c  FCTL3                         
00000000  IE1                           
00000001  IE2                           
00000002  IFG1                          
00000003  IFG2                          
00000022  P1DIR                         
00000025  P1IE                          
00000024  P1IES                         
00000023  P1IFG                         
00000020  P1IN                          
00000021  P1OUT                         
00000027  P1REN                         
00000026  P1SEL                         
00000041  P1SEL2                        
0000002a  P2DIR                         
0000002d  P2IE                          
0000002c  P2IES                         
0000002b  P2IFG                         
00000028  P2IN                          
00000029  P2OUT                         
0000002f  P2REN                         
0000002e  P2SEL                         
00000042  P2SEL2                        
0000001a  P3DIR                         
00000018  P3IN                          
00000019  P3OUT                         
00000010  P3REN                         
0000001b  P3SEL                         
00000043  P3SEL2                        
00000172  TA0CCR0                       
00000174  TA0CCR1                       
00000176  TA0CCR2                       
00000162  TA0CCTL0                      
00000164  TA0CCTL1                      
00000166  TA0CCTL2                      
00000160  TA0CTL                        
0000012e  TA0IV                         
00000170  TA0R                          
00000192  TA1CCR0                       
00000194  TA1CCR1                       
00000196  TA1CCR2                       
00000182  TA1CCTL0                      
00000184  TA1CCTL1                      
00000186  TA1CCTL2                      
00000180  TA1CTL                        
0000011e  TA1IV                         
00000190  TA1R                          
000010db  TLV_ADC10_1_LEN               
000010da  TLV_ADC10_1_TAG               
000010c0  TLV_CHECKSUM                  
000010f7  TLV_DCO_30_LEN                
000010f6  TLV_DCO_30_TAG                
0000d566  Timer_A0                      
0000005d  UCA0ABCTL                     
00000062  UCA0BR0                       
00000063  UCA0BR1                       
00000060  UCA0CTL0                      
00000061  UCA0CTL1                      
0000005f  UCA0IRRCTL                    
0000005e  UCA0IRTCTL                    
00000064  UCA0MCTL                      
00000066  UCA0RXBUF                     
00000065  UCA0STAT                      
00000067  UCA0TXBUF                     
0000006a  UCB0BR0                       
0000006b  UCB0BR1                       
00000068  UCB0CTL0                      
00000069  UCB0CTL1                      
0000006c  UCB0I2CIE                     
00000118  UCB0I2COA                     
0000011a  UCB0I2CSA                     
0000006e  UCB0RXBUF                     
0000006d  UCB0STAT                      
0000006f  UCB0TXBUF                     
00000120  WDTCTL                        
00000400  __STACK_END                   
00000050  __STACK_SIZE                  
0000d5f2  __TI_CINIT_Base               
0000d5f6  __TI_CINIT_Limit              
0000d5f6  __TI_CINIT_Warm               
0000d5ee  __TI_Handler_Table_Base       
0000d5f2  __TI_Handler_Table_Limit      
0000d55e  __TI_ISR_TRAP                 
0000d2d0  __TI_auto_init_nobinit_nopinit
0000cf58  __TI_decompress_lzss          
0000d52a  __TI_decompress_none          
0000c736  __TI_frcdivd                  
0000ffe0  __TI_int00                    
0000ffe4  __TI_int02                    
0000ffe6  __TI_int03                    
0000ffea  __TI_int05                    
0000ffec  __TI_int06                    
0000ffee  __TI_int07                    
0000fff0  __TI_int08                    
0000fff2  __TI_int09                    
0000fff4  __TI_int10                    
0000fff6  __TI_int11                    
0000fff8  __TI_int12                    
0000fffa  __TI_int13                    
0000fffc  __TI_int14                    
ffffffff  __TI_pprof_out_hndl           
ffffffff  __TI_prof_data_size           
ffffffff  __TI_prof_data_start          
ffffffff  __c_args__                    
0000c000  __mspabi_addd                 
0000cea4  __mspabi_cvtdf                
0000cfd4  __mspabi_cvtfd                
0000cbae  __mspabi_divd                 
0000d3f0  __mspabi_divi                 
0000d4ec  __mspabi_divu                 
0000d246  __mspabi_fixfu                
0000d38e  __mspabi_fltif                
0000d55a  __mspabi_func_epilog_1        
0000d558  __mspabi_func_epilog_2        
0000d556  __mspabi_func_epilog_3        
0000d554  __mspabi_func_epilog_4        
0000d552  __mspabi_func_epilog_5        
0000d550  __mspabi_func_epilog_6        
0000d54e  __mspabi_func_epilog_7        
0000cde0  __mspabi_mpyf                 
0000d516  __mspabi_mpyi                 
0000d516  __mspabi_mpyi_sw              
0000d472  __mspabi_mpyl                 
0000d472  __mspabi_mpyl_sw              
0000d3f0  __mspabi_remi                 
0000d4ec  __mspabi_remu                 
0000d41c  __mspabi_slli                 
0000d444  __mspabi_slli_1               
0000d432  __mspabi_slli_10              
0000d430  __mspabi_slli_11              
0000d42e  __mspabi_slli_12              
0000d42c  __mspabi_slli_13              
0000d42a  __mspabi_slli_14              
0000d428  __mspabi_slli_15              
0000d442  __mspabi_slli_2               
0000d440  __mspabi_slli_3               
0000d43e  __mspabi_slli_4               
0000d43c  __mspabi_slli_5               
0000d43a  __mspabi_slli_6               
0000d438  __mspabi_slli_7               
0000d436  __mspabi_slli_8               
0000d434  __mspabi_slli_9               
0000d388  __mspabi_slll_1               
0000d364  __mspabi_slll_10              
0000d360  __mspabi_slll_11              
0000d35c  __mspabi_slll_12              
0000d358  __mspabi_slll_13              
0000d354  __mspabi_slll_14              
0000d350  __mspabi_slll_15              
0000d384  __mspabi_slll_2               
0000d380  __mspabi_slll_3               
0000d37c  __mspabi_slll_4               
0000d378  __mspabi_slll_5               
0000d374  __mspabi_slll_6               
0000d370  __mspabi_slll_7               
0000d36c  __mspabi_slll_8               
0000d368  __mspabi_slll_9               
0000d28c  __mspabi_sllll                
0000d3c4  __mspabi_srai                 
0000d3ec  __mspabi_srai_1               
0000d3da  __mspabi_srai_10              
0000d3d8  __mspabi_srai_11              
0000d3d6  __mspabi_srai_12              
0000d3d4  __mspabi_srai_13              
0000d3d2  __mspabi_srai_14              
0000d3d0  __mspabi_srai_15              
0000d3ea  __mspabi_srai_2               
0000d3e8  __mspabi_srai_3               
0000d3e6  __mspabi_srai_4               
0000d3e4  __mspabi_srai_5               
0000d3e2  __mspabi_srai_6               
0000d3e0  __mspabi_srai_7               
0000d3de  __mspabi_srai_8               
0000d3dc  __mspabi_srai_9               
0000d34a  __mspabi_sral_1               
0000d326  __mspabi_sral_10              
0000d322  __mspabi_sral_11              
0000d31e  __mspabi_sral_12              
0000d31a  __mspabi_sral_13              
0000d316  __mspabi_sral_14              
0000d312  __mspabi_sral_15              
0000d346  __mspabi_sral_2               
0000d342  __mspabi_sral_3               
0000d33e  __mspabi_sral_4               
0000d33a  __mspabi_sral_5               
0000d336  __mspabi_sral_6               
0000d332  __mspabi_sral_7               
0000d32e  __mspabi_sral_8               
0000d32a  __mspabi_sral_9               
0000d1fc  __mspabi_srall                
0000d1b0  __mspabi_srli                 
0000d1f6  __mspabi_srli_1               
0000d1d2  __mspabi_srli_10              
0000d1ce  __mspabi_srli_11              
0000d1ca  __mspabi_srli_12              
0000d1c6  __mspabi_srli_13              
0000d1c2  __mspabi_srli_14              
0000d1be  __mspabi_srli_15              
0000d1f2  __mspabi_srli_2               
0000d1ee  __mspabi_srli_3               
0000d1ea  __mspabi_srli_4               
0000d1e6  __mspabi_srli_5               
0000d1e2  __mspabi_srli_6               
0000d1de  __mspabi_srli_7               
0000d1da  __mspabi_srli_8               
0000d1d6  __mspabi_srli_9               
0000d108  __mspabi_srll_1               
0000d0d2  __mspabi_srll_10              
0000d0cc  __mspabi_srll_11              
0000d0c6  __mspabi_srll_12              
0000d0c0  __mspabi_srll_13              
0000d0ba  __mspabi_srll_14              
0000d0b4  __mspabi_srll_15              
0000d102  __mspabi_srll_2               
0000d0fc  __mspabi_srll_3               
0000d0f6  __mspabi_srll_4               
0000d0f0  __mspabi_srll_5               
0000d0ea  __mspabi_srll_6               
0000d0e4  __mspabi_srll_7               
0000d0de  __mspabi_srll_8               
0000d0d8  __mspabi_srll_9               
0000d4b8  _c_int00_noargs               
0000fffe  _reset_vector                 
000003b0  _stack                        
0000d576  _system_post_cinit            
0000d572  _system_pre_init              
0000d56c  abort                         
0000d164  delay_ms                      
0000d4d4  initGpio                      
0000d502  initTimerA0                   
0000d498  isButtonPressed               
0000d448  main                          
0000d53c  memcpy                        
0000d110  playSong                      
0000d044  setFrequency                  
00000200  underworld_melody             
00000270  underworld_tempo              


GLOBAL SYMBOLS: SORTED BY Symbol Address 

address   name                          
-------   ----                          
00000000  IE1                           
00000001  IE2                           
00000002  IFG1                          
00000003  IFG2                          
00000010  P3REN                         
00000018  P3IN                          
00000019  P3OUT                         
0000001a  P3DIR                         
0000001b  P3SEL                         
00000020  P1IN                          
00000021  P1OUT                         
00000022  P1DIR                         
00000023  P1IFG                         
00000024  P1IES                         
00000025  P1IE                          
00000026  P1SEL                         
00000027  P1REN                         
00000028  P2IN                          
00000029  P2OUT                         
0000002a  P2DIR                         
0000002b  P2IFG                         
0000002c  P2IES                         
0000002d  P2IE                          
0000002e  P2SEL                         
0000002f  P2REN                         
00000041  P1SEL2                        
00000042  P2SEL2                        
00000043  P3SEL2                        
00000048  ADC10DTC0                     
00000049  ADC10DTC1                     
0000004a  ADC10AE0                      
00000050  __STACK_SIZE                  
00000053  BCSCTL3                       
00000056  DCOCTL                        
00000057  BCSCTL1                       
00000058  BCSCTL2                       
00000059  CACTL1                        
0000005a  CACTL2                        
0000005b  CAPD                          
0000005d  UCA0ABCTL                     
0000005e  UCA0IRTCTL                    
0000005f  UCA0IRRCTL                    
00000060  UCA0CTL0                      
00000061  UCA0CTL1                      
00000062  UCA0BR0                       
00000063  UCA0BR1                       
00000064  UCA0MCTL                      
00000065  UCA0STAT                      
00000066  UCA0RXBUF                     
00000067  UCA0TXBUF                     
00000068  UCB0CTL0                      
00000069  UCB0CTL1                      
0000006a  UCB0BR0                       
0000006b  UCB0BR1                       
0000006c  UCB0I2CIE                     
0000006d  UCB0STAT                      
0000006e  UCB0RXBUF                     
0000006f  UCB0TXBUF                     
00000118  UCB0I2COA                     
0000011a  UCB0I2CSA                     
0000011e  TA1IV                         
00000120  WDTCTL                        
00000128  FCTL1                         
0000012a  FCTL2                         
0000012c  FCTL3                         
0000012e  TA0IV                         
00000160  TA0CTL                        
00000162  TA0CCTL0                      
00000164  TA0CCTL1                      
00000166  TA0CCTL2                      
00000170  TA0R                          
00000172  TA0CCR0                       
00000174  TA0CCR1                       
00000176  TA0CCR2                       
00000180  TA1CTL                        
00000182  TA1CCTL0                      
00000184  TA1CCTL1                      
00000186  TA1CCTL2                      
00000190  TA1R                          
00000192  TA1CCR0                       
00000194  TA1CCR1                       
00000196  TA1CCR2                       
000001b0  ADC10CTL0                     
000001b2  ADC10CTL1                     
000001b4  ADC10MEM                      
000001bc  ADC10SA                       
00000200  underworld_melody             
00000270  underworld_tempo              
000003b0  _stack                        
00000400  __STACK_END                   
000010c0  TLV_CHECKSUM                  
000010da  TLV_ADC10_1_TAG               
000010db  TLV_ADC10_1_LEN               
000010f6  TLV_DCO_30_TAG                
000010f7  TLV_DCO_30_LEN                
000010f8  CALDCO_16MHZ                  
000010f9  CALBC1_16MHZ                  
000010fa  CALDCO_12MHZ                  
000010fb  CALBC1_12MHZ                  
000010fc  CALDCO_8MHZ                   
000010fd  CALBC1_8MHZ                   
000010fe  CALDCO_1MHZ                   
000010ff  CALBC1_1MHZ                   
0000c000  __mspabi_addd                 
0000c736  __TI_frcdivd                  
0000cbae  __mspabi_divd                 
0000cde0  __mspabi_mpyf                 
0000cea4  __mspabi_cvtdf                
0000cf58  __TI_decompress_lzss          
0000cfd4  __mspabi_cvtfd                
0000d044  setFrequency                  
0000d0b4  __mspabi_srll_15              
0000d0ba  __mspabi_srll_14              
0000d0c0  __mspabi_srll_13              
0000d0c6  __mspabi_srll_12              
0000d0cc  __mspabi_srll_11              
0000d0d2  __mspabi_srll_10              
0000d0d8  __mspabi_srll_9               
0000d0de  __mspabi_srll_8               
0000d0e4  __mspabi_srll_7               
0000d0ea  __mspabi_srll_6               
0000d0f0  __mspabi_srll_5               
0000d0f6  __mspabi_srll_4               
0000d0fc  __mspabi_srll_3               
0000d102  __mspabi_srll_2               
0000d108  __mspabi_srll_1               
0000d110  playSong                      
0000d164  delay_ms                      
0000d1b0  __mspabi_srli                 
0000d1be  __mspabi_srli_15              
0000d1c2  __mspabi_srli_14              
0000d1c6  __mspabi_srli_13              
0000d1ca  __mspabi_srli_12              
0000d1ce  __mspabi_srli_11              
0000d1d2  __mspabi_srli_10              
0000d1d6  __mspabi_srli_9               
0000d1da  __mspabi_srli_8               
0000d1de  __mspabi_srli_7               
0000d1e2  __mspabi_srli_6               
0000d1e6  __mspabi_srli_5               
0000d1ea  __mspabi_srli_4               
0000d1ee  __mspabi_srli_3               
0000d1f2  __mspabi_srli_2               
0000d1f6  __mspabi_srli_1               
0000d1fc  __mspabi_srall                
0000d246  __mspabi_fixfu                
0000d28c  __mspabi_sllll                
0000d2d0  __TI_auto_init_nobinit_nopinit
0000d312  __mspabi_sral_15              
0000d316  __mspabi_sral_14              
0000d31a  __mspabi_sral_13              
0000d31e  __mspabi_sral_12              
0000d322  __mspabi_sral_11              
0000d326  __mspabi_sral_10              
0000d32a  __mspabi_sral_9               
0000d32e  __mspabi_sral_8               
0000d332  __mspabi_sral_7               
0000d336  __mspabi_sral_6               
0000d33a  __mspabi_sral_5               
0000d33e  __mspabi_sral_4               
0000d342  __mspabi_sral_3               
0000d346  __mspabi_sral_2               
0000d34a  __mspabi_sral_1               
0000d350  __mspabi_slll_15              
0000d354  __mspabi_slll_14              
0000d358  __mspabi_slll_13              
0000d35c  __mspabi_slll_12              
0000d360  __mspabi_slll_11              
0000d364  __mspabi_slll_10              
0000d368  __mspabi_slll_9               
0000d36c  __mspabi_slll_8               
0000d370  __mspabi_slll_7               
0000d374  __mspabi_slll_6               
0000d378  __mspabi_slll_5               
0000d37c  __mspabi_slll_4               
0000d380  __mspabi_slll_3               
0000d384  __mspabi_slll_2               
0000d388  __mspabi_slll_1               
0000d38e  __mspabi_fltif                
0000d3c4  __mspabi_srai                 
0000d3d0  __mspabi_srai_15              
0000d3d2  __mspabi_srai_14              
0000d3d4  __mspabi_srai_13              
0000d3d6  __mspabi_srai_12              
0000d3d8  __mspabi_srai_11              
0000d3da  __mspabi_srai_10              
0000d3dc  __mspabi_srai_9               
0000d3de  __mspabi_srai_8               
0000d3e0  __mspabi_srai_7               
0000d3e2  __mspabi_srai_6               
0000d3e4  __mspabi_srai_5               
0000d3e6  __mspabi_srai_4               
0000d3e8  __mspabi_srai_3               
0000d3ea  __mspabi_srai_2               
0000d3ec  __mspabi_srai_1               
0000d3f0  __mspabi_divi                 
0000d3f0  __mspabi_remi                 
0000d41c  __mspabi_slli                 
0000d428  __mspabi_slli_15              
0000d42a  __mspabi_slli_14              
0000d42c  __mspabi_slli_13              
0000d42e  __mspabi_slli_12              
0000d430  __mspabi_slli_11              
0000d432  __mspabi_slli_10              
0000d434  __mspabi_slli_9               
0000d436  __mspabi_slli_8               
0000d438  __mspabi_slli_7               
0000d43a  __mspabi_slli_6               
0000d43c  __mspabi_slli_5               
0000d43e  __mspabi_slli_4               
0000d440  __mspabi_slli_3               
0000d442  __mspabi_slli_2               
0000d444  __mspabi_slli_1               
0000d448  main                          
0000d472  __mspabi_mpyl                 
0000d472  __mspabi_mpyl_sw              
0000d498  isButtonPressed               
0000d4b8  _c_int00_noargs               
0000d4d4  initGpio                      
0000d4ec  __mspabi_divu                 
0000d4ec  __mspabi_remu                 
0000d502  initTimerA0                   
0000d516  __mspabi_mpyi                 
0000d516  __mspabi_mpyi_sw              
0000d52a  __TI_decompress_none          
0000d53c  memcpy                        
0000d54e  __mspabi_func_epilog_7        
0000d550  __mspabi_func_epilog_6        
0000d552  __mspabi_func_epilog_5        
0000d554  __mspabi_func_epilog_4        
0000d556  __mspabi_func_epilog_3        
0000d558  __mspabi_func_epilog_2        
0000d55a  __mspabi_func_epilog_1        
0000d55e  __TI_ISR_TRAP                 
0000d566  Timer_A0                      
0000d56c  C$$EXIT                       
0000d56c  abort                         
0000d572  _system_pre_init              
0000d576  _system_post_cinit            
0000d5ee  __TI_Handler_Table_Base       
0000d5f2  __TI_CINIT_Base               
0000d5f2  __TI_Handler_Table_Limit      
0000d5f6  __TI_CINIT_Limit              
0000d5f6  __TI_CINIT_Warm               
0000ffe0  __TI_int00                    
0000ffe4  __TI_int02                    
0000ffe6  __TI_int03                    
0000ffea  __TI_int05                    
0000ffec  __TI_int06                    
0000ffee  __TI_int07                    
0000fff0  __TI_int08                    
0000fff2  __TI_int09                    
0000fff4  __TI_int10                    
0000fff6  __TI_int11                    
0000fff8  __TI_int12                    
0000fffa  __TI_int13                    
0000fffc  __TI_int14                    
0000fffe  _reset_vector                 
ffffffff  __TI_pprof_out_hndl           
ffffffff  __TI_prof_data_size           
ffffffff  __TI_prof_data_start          
ffffffff  __c_args__                    

[262 symbols]
